2026-08-04 12:14:47,047 - INFO - Starting clean for User Temp
2026-08-04 12:14:47,054 - INFO - Finished clean for User Temp: Freed 475929 bytes
2026-08-04 12:14:47,055 - INFO - Starting clean for Windows Temp
2026-08-04 12:14:47,055 - INFO - Finished clean for Windows Temp: Freed 0 bytes
2026-08-04 12:14:47,056 - INFO - Starting clean for Recycle Bin
2026-08-04 12:14:47,062 - INFO - Finished clean for Recycle Bin: Freed 0 bytes
2026-08-04 12:14:47,063 - INFO - Starting clean for Thumbnail Cache
2026-08-04 12:14:47,070 - INFO - Finished clean for Thumbnail Cache: Freed 1056304 bytes
2026-08-04 12:14:47,071 - INFO - Starting clean for Browser Caches (Chrome, Edge, Firefox)
2026-08-04 12:14:49,858 - INFO - Finished clean for Browser Caches (Chrome, Edge, Firefox): Freed 305473293 bytes
2026-08-04 12:14:49,858 - INFO - Starting clean for Delivery Optimization Cache
2026-08-04 12:14:49,858 - INFO - Finished clean for Delivery Optimization Cache: Freed 0 bytes
2026-08-04 12:14:49,859 - INFO - Starting clean for DirectX Shader Cache
2026-08-04 12:14:49,874 - INFO - Finished clean for DirectX Shader Cache: Freed 737280 bytes
2026-08-04 12:14:54,737 - INFO - Starting clean for User Temp
2026-08-04 12:14:54,743 - INFO - Finished clean for User Temp: Freed 8192 bytes
2026-08-04 12:14:54,743 - INFO - Starting clean for Windows Temp
2026-08-04 12:14:54,743 - INFO - Finished clean for Windows Temp: Freed 0 bytes
2026-08-04 12:14:54,744 - INFO - Starting clean for Recycle Bin
2026-08-04 12:14:54,748 - INFO - Finished clean for Recycle Bin: Freed 0 bytes
2026-08-04 12:14:54,748 - INFO - Starting clean for Thumbnail Cache
2026-08-04 12:14:54,749 - INFO - Finished clean for Thumbnail Cache: Freed 0 bytes
2026-08-04 12:14:54,749 - INFO - Starting clean for Browser Caches (Chrome, Edge, Firefox)
2026-08-04 12:14:54,759 - INFO - Finished clean for Browser Caches (Chrome, Edge, Firefox): Freed 0 bytes
2026-08-04 12:14:54,760 - INFO - Starting clean for Delivery Optimization Cache
2026-08-04 12:14:54,760 - INFO - Finished clean for Delivery Optimization Cache: Freed 0 bytes
2026-08-04 12:14:54,760 - INFO - Starting clean for DirectX Shader Cache
2026-08-04 12:14:54,763 - INFO - Finished clean for DirectX Shader Cache: Freed 0 bytes
2026-08-04 12:14:59,555 - INFO - Starting clean for User Temp
2026-08-04 12:14:59,560 - INFO - Finished clean for User Temp: Freed 4096 bytes
2026-08-04 12:14:59,561 - INFO - Starting clean for Windows Temp
2026-08-04 12:14:59,561 - INFO - Finished clean for Windows Temp: Freed 0 bytes
2026-08-04 12:14:59,561 - INFO - Starting clean for Recycle Bin
2026-08-04 12:14:59,567 - INFO - Finished clean for Recycle Bin: Freed 0 bytes
2026-08-04 12:14:59,567 - INFO - Starting clean for Thumbnail Cache
2026-08-04 12:14:59,568 - INFO - Finished clean for Thumbnail Cache: Freed 0 bytes
2026-08-04 12:14:59,569 - INFO - Starting clean for Browser Caches (Chrome, Edge, Firefox)
2026-08-04 12:14:59,578 - INFO - Finished clean for Browser Caches (Chrome, Edge, Firefox): Freed 0 bytes
2026-08-04 12:14:59,578 - INFO - Starting clean for Delivery Optimization Cache
2026-08-04 12:14:59,579 - INFO - Finished clean for Delivery Optimization Cache: Freed 0 bytes
2026-08-04 12:14:59,579 - INFO - Starting clean for DirectX Shader Cache
2026-08-04 12:14:59,581 - INFO - Finished clean for DirectX Shader Cache: Freed 0 bytes
2026-08-04 12:15:03,579 - INFO - Starting clean for User Temp
2026-08-04 12:15:03,585 - INFO - Finished clean for User Temp: Freed 4096 bytes
2026-08-04 12:15:03,585 - INFO - Starting clean for Windows Temp
2026-08-04 12:15:03,586 - INFO - Finished clean for Windows Temp: Freed 0 bytes
2026-08-04 12:15:03,586 - INFO - Starting clean for Recycle Bin
2026-08-04 12:15:03,590 - INFO - Finished clean for Recycle Bin: Freed 0 bytes
2026-08-04 12:15:03,590 - INFO - Starting clean for Thumbnail Cache
2026-08-04 12:15:03,591 - INFO - Finished clean for Thumbnail Cache: Freed 0 bytes
2026-08-04 12:15:03,591 - INFO - Starting clean for Browser Caches (Chrome, Edge, Firefox)
2026-08-04 12:15:03,607 - INFO - Finished clean for Browser Caches (Chrome, Edge, Firefox): Freed 0 bytes
2026-08-04 12:15:03,608 - INFO - Starting clean for Delivery Optimization Cache
2026-08-04 12:15:03,608 - INFO - Finished clean for Delivery Optimization Cache: Freed 0 bytes
2026-08-04 12:15:03,608 - INFO - Starting clean for DirectX Shader Cache
2026-08-04 12:15:03,611 - INFO - Finished clean for DirectX Shader Cache: Freed 0 bytes
2026-08-04 12:15:07,662 - INFO - Starting clean for User Temp
2026-08-04 12:15:07,669 - INFO - Finished clean for User Temp: Freed 0 bytes
2026-08-04 12:15:07,670 - INFO - Starting clean for Windows Temp
2026-08-04 12:15:07,670 - INFO - Finished clean for Windows Temp: Freed 0 bytes
2026-08-04 12:15:07,671 - INFO - Starting clean for Recycle Bin
2026-08-04 12:15:07,677 - INFO - Finished clean for Recycle Bin: Freed 0 bytes
2026-08-04 12:15:07,678 - INFO - Starting clean for Thumbnail Cache
2026-08-04 12:15:07,678 - INFO - Finished clean for Thumbnail Cache: Freed 0 bytes
2026-08-04 12:15:07,679 - INFO - Starting clean for Browser Caches (Chrome, Edge, Firefox)
2026-08-04 12:15:07,699 - INFO - Finished clean for Browser Caches (Chrome, Edge, Firefox): Freed 0 bytes
2026-08-04 12:15:07,699 - INFO - Starting clean for Delivery Optimization Cache
2026-08-04 12:15:07,700 - INFO - Finished clean for Delivery Optimization Cache: Freed 0 bytes
2026-08-04 12:15:07,700 - INFO - Starting clean for DirectX Shader Cache
2026-08-04 12:15:07,705 - INFO - Finished clean for DirectX Shader Cache: Freed 0 bytes
